// Jest Snapshot v1, https://goo.gl/fbAQLP

exports[`CreateAccount page information correct 1`] = `
<div>
  <h1>
    Help
  </h1>
  <p>
     Welcome to Time Machine, where learning code is simple and fun.
    <br />
    Get started by logging in, then select a problem to try and solve.
    <br />
    Make sure to check the difficulty and to visit our tutorial page 
    <br />
    for extra help. For more questions, communicate with the System 
    <br />
    Administrator by clicking 
    <a
      href="mailto:admin@timemachine.com?subject=I'm lost halp.
 &body=Hi, I think your website is bad. Here's why: [insert complaint here]."
    >
      here
    </a>
    .
  </p>
</div>
`;

exports[`Help page information correct 1`] = `
<div>
  <h1>
    Help
  </h1>
  <p>
     Welcome to Time Machine, where learning code is simple and fun.
    <br />
    Get started by logging in, then select a problem to try and solve.
    <br />
    Make sure to check the difficulty and to visit our tutorial page 
    <br />
    for extra help. For more questions, communicate with the System 
    <br />
    Administrator by clicking 
    <a
      href="mailto:admin@timemachine.com?subject=I'm lost halp.
 &body=Hi, I think your website is bad. Here's why: [insert complaint here]."
    >
      here
    </a>
    .
  </p>
</div>
`;
