// Jest Snapshot v1, https://goo.gl/fbAQLP

exports[`Home page information correct 1`] = `
<div>
  <h1>
    Home
  </h1>
  <p>
    This page is visible to everyone
  </p>
</div>
`;
