// Jest Snapshot v1, https://goo.gl/fbAQLP

exports[`Settings page information correct 1`] = `
<h1>
  Settings
</h1>
`;
